[INFO] [1781091344.294478262] [degradation_manager]: A.E.T.H.E.R degradation_manager up.
[WARN] [1781091344.442310598] [degradation_manager]: NAV MODE -> NOMINAL  (trust=1.00, HPL=0.08 m, outage=0.10 s)
[WARN] [1781091362.291919091] [degradation_manager]: NAV MODE -> DEGRADED  (trust=0.40, HPL=0.46 m, outage=17.95 s)
[WARN] [1781091362.341475219] [degradation_manager]: NAV MODE -> NOMINAL  (trust=0.78, HPL=0.14 m, outage=0.03 s)
[WARN] [1781091362.792476365] [degradation_manager]: NAV MODE -> DEGRADED  (trust=0.30, HPL=0.13 m, outage=0.03 s)
[WARN] [1781091398.491449639] [degradation_manager]: NAV MODE -> NOMINAL  (trust=0.68, HPL=2.43 m, outage=0.03 s)
[WARN] [1781091405.141492161] [degradation_manager]: NAV MODE -> DEGRADED  (trust=0.62, HPL=2.88 m, outage=0.08 s)
[WARN] [1781091406.741688339] [degradation_manager]: NAV MODE -> NOMINAL  (trust=0.68, HPL=2.99 m, outage=0.01 s)
[WARN] [1781091408.541528063] [degradation_manager]: NAV MODE -> DEGRADED  (trust=0.62, HPL=3.11 m, outage=0.08 s)
[WARN] [1781091409.191696911] [degradation_manager]: NAV MODE -> NOMINAL  (trust=0.66, HPL=3.16 m, outage=0.03 s)
[WARN] [1781091410.941414244] [degradation_manager]: NAV MODE -> DEGRADED  (trust=0.60, HPL=3.28 m, outage=0.08 s)
[WARN] [1781091411.191562657] [degradation_manager]: NAV MODE -> NOMINAL  (trust=0.78, HPL=3.29 m, outage=0.02 s)
[WARN] [1781091414.791573937] [degradation_manager]: NAV MODE -> DEGRADED  (trust=0.62, HPL=3.54 m, outage=0.06 s)
[WARN] [1781091415.241415314] [degradation_manager]: NAV MODE -> NOMINAL  (trust=0.68, HPL=3.57 m, outage=0.03 s)
[WARN] [1781091418.791628953] [degradation_manager]: NAV MODE -> DEGRADED  (trust=0.62, HPL=3.81 m, outage=0.07 s)
[WARN] [1781091419.041790862] [degradation_manager]: NAV MODE -> NOMINAL  (trust=0.66, HPL=3.83 m, outage=0.01 s)
[WARN] [1781091420.091484416] [degradation_manager]: NAV MODE -> DEGRADED  (trust=0.56, HPL=3.90 m, outage=0.08 s)
[WARN] [1781091420.491603979] [degradation_manager]: NAV MODE -> NOMINAL  (trust=0.66, HPL=3.93 m, outage=0.00 s)
[WARN] [1781091421.541540523] [degradation_manager]: NAV MODE -> DEGRADED  (trust=0.62, HPL=4.00 m, outage=0.07 s)
[WARN] [1781091421.991687728] [degradation_manager]: NAV MODE -> NOMINAL  (trust=0.70, HPL=4.03 m, outage=0.01 s)
[WARN] [1781091423.041452315] [degradation_manager]: NAV MODE -> DEGRADED  (trust=0.54, HPL=4.10 m, outage=0.08 s)
[WARN] [1781091423.491726005] [degradation_manager]: NAV MODE -> NOMINAL  (trust=0.64, HPL=4.13 m, outage=0.01 s)
[WARN] [1781091430.241763202] [degradation_manager]: NAV MODE -> DEGRADED  (trust=0.60, HPL=4.59 m, outage=0.12 s)
[WARN] [1781091430.791488441] [degradation_manager]: NAV MODE -> NOMINAL  (trust=0.66, HPL=4.63 m, outage=0.01 s)
[WARN] [1781091431.841816714] [degradation_manager]: NAV MODE -> DEGRADED  (trust=0.62, HPL=4.70 m, outage=0.07 s)
[WARN] [1781091432.841983382] [degradation_manager]: NAV MODE -> NOMINAL  (trust=0.82, HPL=4.77 m, outage=0.01 s)
[WARN] [1781091433.892001599] [degradation_manager]: NAV MODE -> DEGRADED  (trust=0.54, HPL=4.84 m, outage=0.08 s)
[WARN] [1781091435.192907125] [degradation_manager]: NAV MODE -> NOMINAL  (trust=0.65, HPL=4.93 m, outage=0.01 s)
[WARN] [1781091439.791653100] [degradation_manager]: NAV MODE -> DEGRADED  (trust=0.57, HPL=5.24 m, outage=0.06 s)
[WARN] [1781091440.092135035] [degradation_manager]: NAV MODE -> NOMINAL  (trust=0.66, HPL=5.26 m, outage=0.02 s)
[WARN] [1781091442.591602091] [degradation_manager]: NAV MODE -> DEGRADED  (trust=0.48, HPL=5.43 m, outage=0.07 s)
[WARN] [1781091443.141770369] [degradation_manager]: NAV MODE -> NOMINAL  (trust=0.56, HPL=5.47 m, outage=0.01 s)
[WARN] [1781091444.191969342] [degradation_manager]: NAV MODE -> DEGRADED  (trust=0.53, HPL=5.54 m, outage=0.08 s)
[WARN] [1781091444.941921958] [degradation_manager]: NAV MODE -> NOMINAL  (trust=0.58, HPL=5.59 m, outage=0.01 s)
[WARN] [1781091445.991851355] [degradation_manager]: NAV MODE -> DEGRADED  (trust=0.42, HPL=5.66 m, outage=0.08 s)
[WARN] [1781091459.192134594] [degradation_manager]: NAV MODE -> INERTIAL  (trust=0.26, HPL=6.57 m, outage=13.28 s)
[WARN] [1781091461.041506371] [degradation_manager]: NAV MODE -> RE_ACQUIRE  (trust=0.41, HPL=6.70 m, outage=15.13 s)
[WARN] [1781091461.991544544] [degradation_manager]: NAV MODE -> NOMINAL  (trust=0.53, HPL=6.76 m, outage=0.01 s)
[WARN] [1781091463.891998770] [degradation_manager]: NAV MODE -> DEGRADED  (trust=0.40, HPL=6.89 m, outage=0.08 s)
[WARN] [1781091465.441876923] [degradation_manager]: NAV MODE -> NOMINAL  (trust=0.43, HPL=7.00 m, outage=0.02 s)
[WARN] [1781091466.491512947] [degradation_manager]: NAV MODE -> DEGRADED  (trust=0.31, HPL=7.07 m, outage=0.08 s)
[WARN] [1781091466.891529397] [degradation_manager]: NAV MODE -> NOMINAL  (trust=0.45, HPL=7.10 m, outage=0.01 s)
[WARN] [1781091467.941738766] [degradation_manager]: NAV MODE -> DEGRADED  (trust=0.36, HPL=7.17 m, outage=0.08 s)
[WARN] [1781091468.541547103] [degradation_manager]: NAV MODE -> NOMINAL  (trust=0.52, HPL=7.21 m, outage=0.02 s)
[WARN] [1781091470.191710710] [degradation_manager]: NAV MODE -> DEGRADED  (trust=0.36, HPL=7.33 m, outage=0.08 s)
[WARN] [1781091471.141743482] [degradation_manager]: NAV MODE -> NOMINAL  (trust=0.45, HPL=7.39 m, outage=0.02 s)
[WARN] [1781091480.741441891] [degradation_manager]: NAV MODE -> DEGRADED  (trust=0.33, HPL=8.05 m, outage=0.07 s)
[WARN] [1781091481.041354119] [degradation_manager]: NAV MODE -> NOMINAL  (trust=0.57, HPL=8.07 m, outage=0.01 s)
[WARN] [1781091482.091516319] [degradation_manager]: NAV MODE -> DEGRADED  (trust=0.36, HPL=8.14 m, outage=0.07 s)
[WARN] [1781091482.392126184] [degradation_manager]: NAV MODE -> NOMINAL  (trust=0.44, HPL=8.16 m, outage=0.03 s)
[WARN] [1781091483.391515516] [degradation_manager]: NAV MODE -> DEGRADED  (trust=0.34, HPL=8.23 m, outage=0.08 s)
[WARN] [1781091483.841585501] [degradation_manager]: NAV MODE -> NOMINAL  (trust=0.48, HPL=8.26 m, outage=0.01 s)
[WARN] [1781091484.891630392] [degradation_manager]: NAV MODE -> DEGRADED  (trust=0.34, HPL=8.34 m, outage=0.08 s)
[WARN] [1781091485.491994508] [degradation_manager]: NAV MODE -> NOMINAL  (trust=0.48, HPL=8.38 m, outage=0.02 s)
[WARN] [1781091487.592211392] [degradation_manager]: NAV MODE -> DEGRADED  (trust=0.33, HPL=8.52 m, outage=0.08 s)
[WARN] [1781091487.991433427] [degradation_manager]: NAV MODE -> NOMINAL  (trust=0.39, HPL=8.55 m, outage=0.03 s)
[WARN] [1781091489.641678816] [degradation_manager]: NAV MODE -> DEGRADED  (trust=0.25, HPL=8.66 m, outage=0.08 s)
[WARN] [1781091489.991593040] [degradation_manager]: NAV MODE -> NOMINAL  (trust=0.37, HPL=8.69 m, outage=0.03 s)
[WARN] [1781091491.041596140] [degradation_manager]: NAV MODE -> DEGRADED  (trust=0.34, HPL=8.76 m, outage=0.08 s)
[WARN] [1781091493.142062548] [degradation_manager]: NAV MODE -> NOMINAL  (trust=0.38, HPL=8.90 m, outage=0.02 s)
[WARN] [1781091494.941958015] [degradation_manager]: NAV MODE -> DEGRADED  (trust=0.28, HPL=9.03 m, outage=0.10 s)
[WARN] [1781091495.991494148] [degradation_manager]: NAV MODE -> NOMINAL  (trust=0.37, HPL=9.10 m, outage=0.03 s)
[WARN] [1781091497.041547726] [degradation_manager]: NAV MODE -> DEGRADED  (trust=0.29, HPL=9.17 m, outage=0.09 s)
[WARN] [1781091498.191568525] [degradation_manager]: NAV MODE -> NOMINAL  (trust=0.35, HPL=9.25 m, outage=0.04 s)
[WARN] [1781091502.691738918] [degradation_manager]: NAV MODE -> DEGRADED  (trust=0.30, HPL=9.56 m, outage=0.09 s)
[WARN] [1781091503.341638073] [degradation_manager]: NAV MODE -> NOMINAL  (trust=0.34, HPL=9.61 m, outage=0.03 s)
[WARN] [1781091504.391429844] [degradation_manager]: NAV MODE -> DEGRADED  (trust=0.20, HPL=9.68 m, outage=0.09 s)
[WARN] [1781091505.891889795] [degradation_manager]: NAV MODE -> INERTIAL  (trust=0.14, HPL=9.78 m, outage=1.59 s)
